<html>
<body>
<pre>
<h1>µVision Build Log</h1>
<h2>Tool Versions:</h2>
IDE-Version: µVision V5.36.0.0
Copyright (C) 2021 ARM Ltd and ARM Germany GmbH. All rights reserved.
License Information: ahmed Microsoft, Microsoft, LIC=8MZI6-D55UE-UMX9A-180UQ-4PU1W-MGZ2G
 
Tool Versions:
Toolchain:       MDK-ARM Professional  Version: 5.36.0.0
Toolchain Path:  C:\Keil_v5\ARM\ARMCLANG\Bin
C Compiler:      ArmClang.exe V6.16
Assembler:       Armasm.exe V6.16
Linker/Locator:  ArmLink.exe V6.16
Library Manager: ArmAr.exe V6.16
Hex Converter:   FromElf.exe V6.16
CPU DLL:         SARMCM3.DLL V5.36.0.0
Dialog DLL:      DCM.DLL V1.17.3.0
Target DLL:      lmidk-agdi.dll V???
Dialog DLL:      TCM.DLL V1.53.0.0
 
<h2>Project:</h2>
D:\courses\ARM_scholarship\ARM\Project_1\blinked LED.uvprojx
Project File Date:  07/28/2022

<h2>Output:</h2>
*** Using Compiler 'V6.16', folder: 'C:\Keil_v5\ARM\ARMCLANG\Bin'
Rebuild target 'Target 1'
HAL/systemContral.c(7): warning: In file included from...
./HAL/systemContral.h(12): warning: In file included from...
./Mcal\Hw_MCU.h(122): warning: no newline at end of file [-Wnewline-eof]
#endif
      ^
HAL/systemContral.c(7): warning: In file included from...
./HAL/systemContral.h(13): warning: In file included from...
./Mcal\IntiCtrl.h(69): warning: no newline at end of file [-Wnewline-eof]
#endif
      ^
2 warnings generated.
compiling systemContral.c...
HAL/interrupt.c(8): warning: In file included from...
./HAL/interrupt.h(11): warning: In file included from...
./Mcal\Hw_MCU.h(122): warning: no newline at end of file [-Wnewline-eof]
#endif
      ^
HAL/interrupt.c(8): warning: In file included from...
./HAL/interrupt.h(12): warning: In file included from...
./Mcal\IntiCtrl.h(69): warning: no newline at end of file [-Wnewline-eof]
#endif
      ^
HAL/interrupt.c(8): warning: In file included from...
./HAL/interrupt.h(36): warning: 'volatile' type qualifier on return type has no effect [-Wignored-qualifiers]
volatile uint32_t Status_Interrupt(uint32_t adr);
^~~~~~~~~
./HAL/interrupt.h(39): warning: no newline at end of file [-Wnewline-eof]
#endif
      ^
HAL/interrupt.c(39): warning: 'volatile' type qualifier on return type has no effect [-Wignored-qualifiers]
volatile uint32_t Status_Interrupt(uint32_t adr)
^~~~~~~~~
5 warnings generated.
compiling interrupt.c...
HAL/GPIO.c(7): warning: In file included from...
./HAL/GPIO.h(12): warning: In file included from...
./Mcal\Hw_MCU.h(122): warning: no newline at end of file [-Wnewline-eof]
#endif
      ^
HAL/GPIO.c(7): warning: In file included from...
./HAL/GPIO.h(13): warning: In file included from...
./Mcal\IntiCtrl.h(69): warning: no newline at end of file [-Wnewline-eof]
#endif
      ^
2 warnings generated.
compiling GPIO.c...
APP/app.c(6): warning: In file included from...
./APP/app.h(11): warning: In file included from...
./HAL\systemContral.h(12): warning: In file included from...
./Mcal\Hw_MCU.h(122): warning: no newline at end of file [-Wnewline-eof]
#endif
      ^
APP/app.c(6): warning: In file included from...
./APP/app.h(11): warning: In file included from...
./HAL\systemContral.h(13): warning: In file included from...
./Mcal\IntiCtrl.h(69): warning: no newline at end of file [-Wnewline-eof]
#endif
      ^
APP/app.c(6): warning: In file included from...
./APP/app.h(13): warning: In file included from...
./HAL\TIMER.h(89): warning: no newline at end of file [-Wnewline-eof]
#endif
      ^
APP/app.c(6): warning: In file included from...
./APP/app.h(14): warning: In file included from...
./HAL\interrupt.h(36): warning: 'volatile' type qualifier on return type has no effect [-Wignored-qualifiers]
volatile uint32_t Status_Interrupt(uint32_t adr);
^~~~~~~~~
./HAL\interrupt.h(39): warning: no newline at end of file [-Wnewline-eof]
#endif
      ^
APP/app.c(43): warning: no newline at end of file [-Wnewline-eof]
}
 ^
6 warnings generated.
compiling app.c...
APP/main.c(16): warning: In file included from...
./APP/app.h(11): warning: In file included from...
./HAL\systemContral.h(12): warning: In file included from...
./Mcal\Hw_MCU.h(122): warning: no newline at end of file [-Wnewline-eof]
#endif
      ^
APP/main.c(16): warning: In file included from...
./APP/app.h(11): warning: In file included from...
./HAL\systemContral.h(13): warning: In file included from...
./Mcal\IntiCtrl.h(69): warning: no newline at end of file [-Wnewline-eof]
#endif
      ^
APP/main.c(16): warning: In file included from...
./APP/app.h(13): warning: In file included from...
./HAL\TIMER.h(89): warning: no newline at end of file [-Wnewline-eof]
#endif
      ^
APP/main.c(16): warning: In file included from...
./APP/app.h(14): warning: In file included from...
./HAL\interrupt.h(36): warning: 'volatile' type qualifier on return type has no effect [-Wignored-qualifiers]
volatile uint32_t Status_Interrupt(uint32_t adr);
^~~~~~~~~
./HAL\interrupt.h(39): warning: no newline at end of file [-Wnewline-eof]
#endif
      ^
APP/main.c(24): warning: no previous extern declaration for non-static variable 'Ref' [-Wmissing-variable-declarations]
uint32_t Ref    = 0;
         ^
APP/main.c(24): note: declare 'static' if the variable is not intended to be used outside of this translation unit
uint32_t Ref    = 0;
^
APP/main.c(25): warning: no previous extern declaration for non-static variable 'set' [-Wmissing-variable-declarations]
uint8_t set     = 0;
        ^
APP/main.c(25): note: declare 'static' if the variable is not intended to be used outside of this translation unit
uint8_t set     = 0;
^
APP/main.c(26): warning: no previous extern declaration for non-static variable 'On' [-Wmissing-variable-declarations]
uint8_t On              = 0;
        ^
APP/main.c(26): note: declare 'static' if the variable is not intended to be used outside of this translation unit
uint8_t On              = 0;
^
APP/main.c(27): warning: no previous extern declaration for non-static variable 'Off' [-Wmissing-variable-declarations]
uint8_t Off     = 0;
        ^
APP/main.c(27): note: declare 'static' if the variable is not intended to be used outside of this translation unit
uint8_t Off     = 0;
^
APP/main.c(93): warning: no previous prototype for function 'TIMER1A_Handler' [-Wmissing-prototypes]
void TIMER1A_Handler(void)
     ^
APP/main.c(93): note: declare 'static' if the function is not intended to be used outside of this translation unit
void TIMER1A_Handler(void)
^
static 
APP/main.c(119): warning: no previous prototype for function 'GPIOF_Handler' [-Wmissing-prototypes]
void GPIOF_Handler(void)
     ^
APP/main.c(119): note: declare 'static' if the function is not intended to be used outside of this translation unit
void GPIOF_Handler(void)
^
static 
11 warnings generated.
compiling main.c...
HAL/TIMER.c(7): warning: In file included from...
./HAL/TIMER.h(11): warning: In file included from...
./Mcal\Hw_MCU.h(122): warning: no newline at end of file [-Wnewline-eof]
#endif
      ^
HAL/TIMER.c(7): warning: In file included from...
./HAL/TIMER.h(12): warning: In file included from...
./Mcal\IntiCtrl.h(69): warning: no newline at end of file [-Wnewline-eof]
#endif
      ^
HAL/TIMER.c(7): warning: In file included from...
./HAL/TIMER.h(89): warning: no newline at end of file [-Wnewline-eof]
#endif
      ^
HAL/TIMER.c(16): warning: implicit conversion changes signedness: 'int' to 'unsigned int' [-Wsign-conversion]
    hardWare_reading(adr+R_TIMER_CTRLOffset) &= ~(1<<0);
                                             ~~ ^~~~~~~
HAL/TIMER.c(67): warning: implicit conversion changes signedness: 'int' to 'uint32_t' (aka 'unsigned int') [-Wsign-conversion]
    hardWare_reading(adr+R_TIMER_ICOffset) = (val<<0);
                                           ~  ~~~^~~
HAL/TIMER.c(76): warning: implicit conversion changes signedness: 'int' to 'uint32_t' (aka 'unsigned int') [-Wsign-conversion]
    hardWare_reading(adr+R_TIMER_IMOffset) = (val<<0);
                                           ~  ~~~^~~
HAL/TIMER.c(77): warning: no newline at end of file [-Wnewline-eof]
}
 ^
7 warnings generated.
compiling TIMER.c...
assembling startup_TM4C123.s...
RTE/Device/TM4C123GH6PM/system_TM4C123.c(13): warning: In file included from...
C:/Users/Ingenieur/AppData/Local/Arm/Packs/Keil/TM4C_DFP/1.1.0/Device/Include/TM4C123\TM4C123.h(98): warning: In file included from...
C:/Users/Ingenieur/AppData/Local/Arm/Packs/Keil/TM4C_DFP/1.1.0/Device/Include/TM4C123/TM4C123GH6PM.h(298): warning: anonymous unions are a C11 extension [-Wc11-extensions]
  union {
  ^
C:/Users/Ingenieur/AppData/Local/Arm/Packs/Keil/TM4C_DFP/1.1.0/Device/Include/TM4C123/TM4C123GH6PM.h(338): warning: anonymous unions are a C11 extension [-Wc11-extensions]
  union {
  ^
C:/Users/Ingenieur/AppData/Local/Arm/Packs/Keil/TM4C_DFP/1.1.0/Device/Include/TM4C123/TM4C123GH6PM.h(357): warning: anonymous unions are a C11 extension [-Wc11-extensions]
  union {
  ^
C:/Users/Ingenieur/AppData/Local/Arm/Packs/Keil/TM4C_DFP/1.1.0/Device/Include/TM4C123/TM4C123GH6PM.h(713): warning: anonymous unions are a C11 extension [-Wc11-extensions]
  union {
  ^
C:/Users/Ingenieur/AppData/Local/Arm/Packs/Keil/TM4C_DFP/1.1.0/Device/Include/TM4C123/TM4C123GH6PM.h(729): warning: anonymous unions are a C11 extension [-Wc11-extensions]
  union {
  ^
C:/Users/Ingenieur/AppData/Local/Arm/Packs/Keil/TM4C_DFP/1.1.0/Device/Include/TM4C123/TM4C123GH6PM.h(774): warning: anonymous unions are a C11 extension [-Wc11-extensions]
  union {
  ^
C:/Users/Ingenieur/AppData/Local/Arm/Packs/Keil/TM4C_DFP/1.1.0/Device/Include/TM4C123/TM4C123GH6PM.h(779): warning: anonymous unions are a C11 extension [-Wc11-extensions]
  union {
  ^
C:/Users/Ingenieur/AppData/Local/Arm/Packs/Keil/TM4C_DFP/1.1.0/Device/Include/TM4C123/TM4C123GH6PM.h(872): warning: anonymous unions are a C11 extension [-Wc11-extensions]
  union {
  ^
C:/Users/Ingenieur/AppData/Local/Arm/Packs/Keil/TM4C_DFP/1.1.0/Device/Include/TM4C123/TM4C123GH6PM.h(885): warning: anonymous unions are a C11 extension [-Wc11-extensions]
  union {
  ^
C:/Users/Ingenieur/AppData/Local/Arm/Packs/Keil/TM4C_DFP/1.1.0/Device/Include/TM4C123/TM4C123GH6PM.h(892): warning: anonymous unions are a C11 extension [-Wc11-extensions]
  union {
  ^
C:/Users/Ingenieur/AppData/Local/Arm/Packs/Keil/TM4C_DFP/1.1.0/Device/Include/TM4C123/TM4C123GH6PM.h(897): warning: anonymous unions are a C11 extension [-Wc11-extensions]
  union {
  ^
C:/Users/Ingenieur/AppData/Local/Arm/Packs/Keil/TM4C_DFP/1.1.0/Device/Include/TM4C123/TM4C123GH6PM.h(904): warning: anonymous unions are a C11 extension [-Wc11-extensions]
  union {
  ^
C:/Users/Ingenieur/AppData/Local/Arm/Packs/Keil/TM4C_DFP/1.1.0/Device/Include/TM4C123/TM4C123GH6PM.h(910): warning: anonymous unions are a C11 extension [-Wc11-extensions]
  union {
  ^
C:/Users/Ingenieur/AppData/Local/Arm/Packs/Keil/TM4C_DFP/1.1.0/Device/Include/TM4C123/TM4C123GH6PM.h(917): warning: anonymous unions are a C11 extension [-Wc11-extensions]
  union {
  ^
C:/Users/Ingenieur/AppData/Local/Arm/Packs/Keil/TM4C_DFP/1.1.0/Device/Include/TM4C123/TM4C123GH6PM.h(924): warning: anonymous unions are a C11 extension [-Wc11-extensions]
  union {
  ^
C:/Users/Ingenieur/AppData/Local/Arm/Packs/Keil/TM4C_DFP/1.1.0/Device/Include/TM4C123/TM4C123GH6PM.h(929): warning: anonymous unions are a C11 extension [-Wc11-extensions]
  union {
  ^
C:/Users/Ingenieur/AppData/Local/Arm/Packs/Keil/TM4C_DFP/1.1.0/Device/Include/TM4C123/TM4C123GH6PM.h(936): warning: anonymous unions are a C11 extension [-Wc11-extensions]
  union {
  ^
C:/Users/Ingenieur/AppData/Local/Arm/Packs/Keil/TM4C_DFP/1.1.0/Device/Include/TM4C123/TM4C123GH6PM.h(942): warning: anonymous unions are a C11 extension [-Wc11-extensions]
  union {
  ^
C:/Users/Ingenieur/AppData/Local/Arm/Packs/Keil/TM4C_DFP/1.1.0/Device/Include/TM4C123/TM4C123GH6PM.h(949): warning: anonymous unions are a C11 extension [-Wc11-extensions]
  union {
  ^
C:/Users/Ingenieur/AppData/Local/Arm/Packs/Keil/TM4C_DFP/1.1.0/Device/Include/TM4C123/TM4C123GH6PM.h(956): warning: anonymous unions are a C11 extension [-Wc11-extensions]
  union {
  ^
C:/Users/Ingenieur/AppData/Local/Arm/Packs/Keil/TM4C_DFP/1.1.0/Device/Include/TM4C123/TM4C123GH6PM.h(961): warning: anonymous unions are a C11 extension [-Wc11-extensions]
  union {
  ^
C:/Users/Ingenieur/AppData/Local/Arm/Packs/Keil/TM4C_DFP/1.1.0/Device/Include/TM4C123/TM4C123GH6PM.h(968): warning: anonymous unions are a C11 extension [-Wc11-extensions]
  union {
  ^
C:/Users/Ingenieur/AppData/Local/Arm/Packs/Keil/TM4C_DFP/1.1.0/Device/Include/TM4C123/TM4C123GH6PM.h(974): warning: anonymous unions are a C11 extension [-Wc11-extensions]
  union {
  ^
C:/Users/Ingenieur/AppData/Local/Arm/Packs/Keil/TM4C_DFP/1.1.0/Device/Include/TM4C123/TM4C123GH6PM.h(981): warning: anonymous unions are a C11 extension [-Wc11-extensions]
  union {
  ^
C:/Users/Ingenieur/AppData/Local/Arm/Packs/Keil/TM4C_DFP/1.1.0/Device/Include/TM4C123/TM4C123GH6PM.h(988): warning: anonymous unions are a C11 extension [-Wc11-extensions]
  union {
  ^
C:/Users/Ingenieur/AppData/Local/Arm/Packs/Keil/TM4C_DFP/1.1.0/Device/Include/TM4C123/TM4C123GH6PM.h(993): warning: anonymous unions are a C11 extension [-Wc11-extensions]
  union {
  ^
C:/Users/Ingenieur/AppData/Local/Arm/Packs/Keil/TM4C_DFP/1.1.0/Device/Include/TM4C123/TM4C123GH6PM.h(1000): warning: anonymous unions are a C11 extension [-Wc11-extensions]
  union {
  ^
C:/Users/Ingenieur/AppData/Local/Arm/Packs/Keil/TM4C_DFP/1.1.0/Device/Include/TM4C123/TM4C123GH6PM.h(1006): warning: anonymous unions are a C11 extension [-Wc11-extensions]
  union {
  ^
C:/Users/Ingenieur/AppData/Local/Arm/Packs/Keil/TM4C_DFP/1.1.0/Device/Include/TM4C123/TM4C123GH6PM.h(1013): warning: anonymous unions are a C11 extension [-Wc11-extensions]
  union {
  ^
C:/Users/Ingenieur/AppData/Local/Arm/Packs/Keil/TM4C_DFP/1.1.0/Device/Include/TM4C123/TM4C123GH6PM.h(1020): warning: anonymous unions are a C11 extension [-Wc11-extensions]
  union {
  ^
C:/Users/Ingenieur/AppData/Local/Arm/Packs/Keil/TM4C_DFP/1.1.0/Device/Include/TM4C123/TM4C123GH6PM.h(1025): warning: anonymous unions are a C11 extension [-Wc11-extensions]
  union {
  ^
C:/Users/Ingenieur/AppData/Local/Arm/Packs/Keil/TM4C_DFP/1.1.0/Device/Include/TM4C123/TM4C123GH6PM.h(1032): warning: anonymous unions are a C11 extension [-Wc11-extensions]
  union {
  ^
C:/Users/Ingenieur/AppData/Local/Arm/Packs/Keil/TM4C_DFP/1.1.0/Device/Include/TM4C123/TM4C123GH6PM.h(1038): warning: anonymous unions are a C11 extension [-Wc11-extensions]
  union {
  ^
C:/Users/Ingenieur/AppData/Local/Arm/Packs/Keil/TM4C_DFP/1.1.0/Device/Include/TM4C123/TM4C123GH6PM.h(1045): warning: anonymous unions are a C11 extension [-Wc11-extensions]
  union {
  ^
C:/Users/Ingenieur/AppData/Local/Arm/Packs/Keil/TM4C_DFP/1.1.0/Device/Include/TM4C123/TM4C123GH6PM.h(1052): warning: anonymous unions are a C11 extension [-Wc11-extensions]
  union {
  ^
C:/Users/Ingenieur/AppData/Local/Arm/Packs/Keil/TM4C_DFP/1.1.0/Device/Include/TM4C123/TM4C123GH6PM.h(1057): warning: anonymous unions are a C11 extension [-Wc11-extensions]
  union {
  ^
C:/Users/Ingenieur/AppData/Local/Arm/Packs/Keil/TM4C_DFP/1.1.0/Device/Include/TM4C123/TM4C123GH6PM.h(1064): warning: anonymous unions are a C11 extension [-Wc11-extensions]
  union {
  ^
C:/Users/Ingenieur/AppData/Local/Arm/Packs/Keil/TM4C_DFP/1.1.0/Device/Include/TM4C123/TM4C123GH6PM.h(1070): warning: anonymous unions are a C11 extension [-Wc11-extensions]
  union {
  ^
C:/Users/Ingenieur/AppData/Local/Arm/Packs/Keil/TM4C_DFP/1.1.0/Device/Include/TM4C123/TM4C123GH6PM.h(1077): warning: anonymous unions are a C11 extension [-Wc11-extensions]
  union {
  ^
C:/Users/Ingenieur/AppData/Local/Arm/Packs/Keil/TM4C_DFP/1.1.0/Device/Include/TM4C123/TM4C123GH6PM.h(1084): warning: anonymous unions are a C11 extension [-Wc11-extensions]
  union {
  ^
C:/Users/Ingenieur/AppData/Local/Arm/Packs/Keil/TM4C_DFP/1.1.0/Device/Include/TM4C123/TM4C123GH6PM.h(1089): warning: anonymous unions are a C11 extension [-Wc11-extensions]
  union {
  ^
C:/Users/Ingenieur/AppData/Local/Arm/Packs/Keil/TM4C_DFP/1.1.0/Device/Include/TM4C123/TM4C123GH6PM.h(1096): warning: anonymous unions are a C11 extension [-Wc11-extensions]
  union {
  ^
C:/Users/Ingenieur/AppData/Local/Arm/Packs/Keil/TM4C_DFP/1.1.0/Device/Include/TM4C123/TM4C123GH6PM.h(1102): warning: anonymous unions are a C11 extension [-Wc11-extensions]
  union {
  ^
C:/Users/Ingenieur/AppData/Local/Arm/Packs/Keil/TM4C_DFP/1.1.0/Device/Include/TM4C123/TM4C123GH6PM.h(1251): warning: anonymous unions are a C11 extension [-Wc11-extensions]
  union {
  ^
44 warnings generated.
compiling system_TM4C123.c...
linking...
Program Size: Code=3468 RO-data=636 RW-data=0 ZI-data=624  
".\Objects\blinked LED.axf" - 0 Error(s), 77 Warning(s).

<h2>Software Packages used:</h2>

Package Vendor: ARM
                http://www.keil.com/pack/ARM.CMSIS.5.8.0.pack
                ARM.CMSIS.5.8.0
                CMSIS (Common Microcontroller Software Interface Standard)
   * Component: CORE Version: 5.5.0

Package Vendor: Keil
                http://www.keil.com/pack/Keil.TM4C_DFP.1.1.0.pack
                Keil.TM4C_DFP.1.1.0
                Texas Instruments Tiva C Series Device Support and Examples
   * Component: Startup Version: 1.0.1

<h2>Collection of Component include folders:</h2>
  .\RTE\_Target_1
  C:\Users\Ingenieur\AppData\Local\Arm\Packs\ARM\CMSIS\5.8.0\CMSIS\Core\Include
  C:\Users\Ingenieur\AppData\Local\Arm\Packs\Keil\TM4C_DFP\1.1.0\Device\Include\TM4C123

<h2>Collection of Component Files used:</h2>

   * Component: ARM::CMSIS:CORE:5.5.0

   * Component: Keil::Device:Startup:1.0.1
      Include file:  Device\Include\TM4C123\TM4C123.h
      Source file:   Device\Source\ARM\startup_TM4C123.s
      Source file:   Device\Source\system_TM4C123.c
Build Time Elapsed:  00:00:03
</pre>
</body>
</html>
